// Jest Snapshot v1, https://goo.gl/fbAQLP

exports[`test CardList component 1`] = `
<div
  className="fl w-80 pa3"
>
  <Card
    gen={0}
    id={1}
    key="0"
    name="sakura miko"
    twitter="twitter.com"
    youtube="youtube.com"
  />
</div>
`;
